// Copyright (c) Microsoft Corporation
// SPDX-License-Identifier: MIT

// Do not alter this generated file.
// This file was generated from divide_by_zero.o

#include "bpf2c.h"

static map_entry_t _maps[] = {
{ NULL, { 2, 4, 4, 1, 0, 0, 0, 0,  }, "test_map" },
};

static void _get_maps(_Outptr_result_buffer_(*count) map_entry_t** maps, _Out_ size_t* count)
{
	*maps = _maps;
	*count = 1;
}

static helper_function_entry_t divide_by_zero_helpers[] = {
{ NULL, 1, "helper_id_1"},
};

static GUID divide_by_zero_program_type_guid = {0xf1832a85, 0x85d5, 0x45b0, {0x98, 0xa0, 0x70, 0x69, 0xd6, 0x30, 0x13, 0xb0}};
static GUID divide_by_zero_attach_type_guid = {0x85e0d8ef, 0x579e, 0x4931, {0xb0, 0x72, 0x8e, 0xe2, 0x26, 0xbb, 0x2e, 0x9d}};
static uint16_t divide_by_zero_maps[] = {
0,
};

static uint64_t divide_by_zero(void* context)
{
#line 27 "sample/divide_by_zero.c"
	// Prologue
#line 27 "sample/divide_by_zero.c"
	uint64_t stack[(UBPF_STACK_SIZE + 7) / 8];
#line 27 "sample/divide_by_zero.c"
	register uint64_t r0 = 0;
#line 27 "sample/divide_by_zero.c"
	register uint64_t r1 = 0;
#line 27 "sample/divide_by_zero.c"
	register uint64_t r2 = 0;
#line 27 "sample/divide_by_zero.c"
	register uint64_t r3 = 0;
#line 27 "sample/divide_by_zero.c"
	register uint64_t r4 = 0;
#line 27 "sample/divide_by_zero.c"
	register uint64_t r5 = 0;
#line 27 "sample/divide_by_zero.c"
	register uint64_t r6 = 0;
#line 27 "sample/divide_by_zero.c"
	register uint64_t r10 = 0;

#line 27 "sample/divide_by_zero.c"
	r1 = (uintptr_t)context;
#line 27 "sample/divide_by_zero.c"
	r10 = (uintptr_t)((uint8_t*)stack + sizeof(stack));

	// EBPF_OP_MOV64_IMM pc=0 dst=r6 src=r0 offset=0 imm=0
#line 27 "sample/divide_by_zero.c"
	r6 = IMMEDIATE(0);
	// EBPF_OP_STXW pc=1 dst=r10 src=r6 offset=-4 imm=0
#line 29 "sample/divide_by_zero.c"
	*(uint32_t *)(uintptr_t)(r10 + OFFSET(-4)) = (uint32_t)r6;
	// EBPF_OP_MOV64_REG pc=2 dst=r2 src=r10 offset=0 imm=0
#line 29 "sample/divide_by_zero.c"
	r2 = r10;
	// EBPF_OP_ADD64_IMM pc=3 dst=r2 src=r0 offset=0 imm=-4
#line 29 "sample/divide_by_zero.c"
	r2 += IMMEDIATE(-4);
	// EBPF_OP_LDDW pc=4 dst=r1 src=r0 offset=0 imm=0
#line 30 "sample/divide_by_zero.c"
	r1 = POINTER(_maps[0].address);
	// EBPF_OP_CALL pc=6 dst=r0 src=r0 offset=0 imm=1
#line 30 "sample/divide_by_zero.c"
	r0 = divide_by_zero_helpers[0].address
#line 30 "sample/divide_by_zero.c"
	(r1, r2, r3, r4, r5);
#line 30 "sample/divide_by_zero.c"
	if ((divide_by_zero_helpers[0].tail_call) && (r0 == 0)) return 0;
	// EBPF_OP_JEQ_IMM pc=7 dst=r0 src=r0 offset=3 imm=0
#line 31 "sample/divide_by_zero.c"
	if (r0 == IMMEDIATE(0)) goto label_1;
	// EBPF_OP_LDXW pc=8 dst=r1 src=r0 offset=0 imm=0
#line 32 "sample/divide_by_zero.c"
	r1 = *(uint32_t *)(uintptr_t)(r0 + OFFSET(0));
	// EBPF_OP_MOV64_IMM pc=9 dst=r6 src=r0 offset=0 imm=100000
#line 32 "sample/divide_by_zero.c"
	r6 = IMMEDIATE(100000);
	// EBPF_OP_DIV64_REG pc=10 dst=r6 src=r1 offset=0 imm=0
#line 32 "sample/divide_by_zero.c"
	if (r1 == 0) { division_by_zero(10); return 0; }
#line 32 "sample/divide_by_zero.c"
	r6 /= r1;
label_1:
	// EBPF_OP_MOV64_REG pc=11 dst=r0 src=r6 offset=0 imm=0
#line 35 "sample/divide_by_zero.c"
	r0 = r6;
	// EBPF_OP_EXIT pc=12 dst=r0 src=r0 offset=0 imm=0
#line 35 "sample/divide_by_zero.c"
	return r0;
#line 35 "sample/divide_by_zero.c"
}
#line __LINE__ __FILE__

static program_entry_t _programs[] = {
	{ divide_by_zero, "xdp", "divide_by_zero", divide_by_zero_maps, 1, divide_by_zero_helpers, 1, 13, &divide_by_zero_program_type_guid, &divide_by_zero_attach_type_guid, },
};

static void _get_programs(_Outptr_result_buffer_(*count) program_entry_t** programs, _Out_ size_t* count)
{
	*programs = _programs;
	*count = 1;
}


metadata_table_t divide_by_zero_metadata_table = { _get_programs, _get_maps };
