// Copyright (c) Microsoft Corporation
// SPDX-License-Identifier: MIT

// Do not alter this generated file.
// This file was generated from map_in_map.o

#include "bpf2c.h"

static map_entry_t _maps[] = {
{ NULL, { 7, 4, 4, 1, 1, 0, 0, 0,  }, "outer_map" },
{ NULL, { 1, 4, 4, 1, 0, 0, 0, 0,  }, "inner_map" },
};

static void _get_maps(_Outptr_result_buffer_maybenull_(*count) map_entry_t** maps, _Out_ size_t* count)
{
	*maps = _maps;
	*count = 2;
}

static helper_function_entry_t lookup_helpers[] = {
{ NULL, 1, "helper_id_1"},
};

static GUID lookup_program_type_guid = {0xf1832a85, 0x85d5, 0x45b0, {0x98, 0xa0, 0x70, 0x69, 0xd6, 0x30, 0x13, 0xb0}};
static GUID lookup_attach_type_guid = {0x85e0d8ef, 0x579e, 0x4931, {0xb0, 0x72, 0x8e, 0xe2, 0x26, 0xbb, 0x2e, 0x9d}};
static uint16_t lookup_maps[] = {
0,
};

static uint64_t lookup(void* context)
{
#line 29 "sample/map_in_map.c"
	// Prologue
#line 29 "sample/map_in_map.c"
	uint64_t stack[(UBPF_STACK_SIZE + 7) / 8];
#line 29 "sample/map_in_map.c"
	register uint64_t r0 = 0;
#line 29 "sample/map_in_map.c"
	register uint64_t r1 = 0;
#line 29 "sample/map_in_map.c"
	register uint64_t r2 = 0;
#line 29 "sample/map_in_map.c"
	register uint64_t r3 = 0;
#line 29 "sample/map_in_map.c"
	register uint64_t r4 = 0;
#line 29 "sample/map_in_map.c"
	register uint64_t r5 = 0;
#line 29 "sample/map_in_map.c"
	register uint64_t r6 = 0;
#line 29 "sample/map_in_map.c"
	register uint64_t r10 = 0;

#line 29 "sample/map_in_map.c"
	r1 = (uintptr_t)context;
#line 29 "sample/map_in_map.c"
	r10 = (uintptr_t)((uint8_t*)stack + sizeof(stack));

	// EBPF_OP_MOV64_IMM pc=0 dst=r6 src=r0 offset=0 imm=0
#line 29 "sample/map_in_map.c"
	r6 = IMMEDIATE(0);
	// EBPF_OP_STXW pc=1 dst=r10 src=r6 offset=-4 imm=0
#line 31 "sample/map_in_map.c"
	*(uint32_t *)(uintptr_t)(r10 + OFFSET(-4)) = (uint32_t)r6;
	// EBPF_OP_MOV64_REG pc=2 dst=r2 src=r10 offset=0 imm=0
#line 31 "sample/map_in_map.c"
	r2 = r10;
	// EBPF_OP_ADD64_IMM pc=3 dst=r2 src=r0 offset=0 imm=-4
#line 31 "sample/map_in_map.c"
	r2 += IMMEDIATE(-4);
	// EBPF_OP_LDDW pc=4 dst=r1 src=r0 offset=0 imm=0
#line 32 "sample/map_in_map.c"
	r1 = POINTER(_maps[0].address);
	// EBPF_OP_CALL pc=6 dst=r0 src=r0 offset=0 imm=1
#line 32 "sample/map_in_map.c"
	r0 = lookup_helpers[0].address
#line 32 "sample/map_in_map.c"
	(r1, r2, r3, r4, r5);
#line 32 "sample/map_in_map.c"
	if ((lookup_helpers[0].tail_call) && (r0 == 0)) return 0;
	// EBPF_OP_JEQ_IMM pc=7 dst=r0 src=r0 offset=9 imm=0
#line 33 "sample/map_in_map.c"
	if (r0 == IMMEDIATE(0)) goto label_2;
	// EBPF_OP_MOV64_IMM pc=8 dst=r6 src=r0 offset=0 imm=0
#line 33 "sample/map_in_map.c"
	r6 = IMMEDIATE(0);
	// EBPF_OP_STXW pc=9 dst=r10 src=r6 offset=-8 imm=0
#line 34 "sample/map_in_map.c"
	*(uint32_t *)(uintptr_t)(r10 + OFFSET(-8)) = (uint32_t)r6;
	// EBPF_OP_MOV64_REG pc=10 dst=r2 src=r10 offset=0 imm=0
#line 34 "sample/map_in_map.c"
	r2 = r10;
	// EBPF_OP_ADD64_IMM pc=11 dst=r2 src=r0 offset=0 imm=-8
#line 34 "sample/map_in_map.c"
	r2 += IMMEDIATE(-8);
	// EBPF_OP_MOV64_REG pc=12 dst=r1 src=r0 offset=0 imm=0
#line 35 "sample/map_in_map.c"
	r1 = r0;
	// EBPF_OP_CALL pc=13 dst=r0 src=r0 offset=0 imm=1
#line 35 "sample/map_in_map.c"
	r0 = lookup_helpers[0].address
#line 35 "sample/map_in_map.c"
	(r1, r2, r3, r4, r5);
#line 35 "sample/map_in_map.c"
	if ((lookup_helpers[0].tail_call) && (r0 == 0)) return 0;
	// EBPF_OP_JNE_IMM pc=14 dst=r0 src=r0 offset=1 imm=0
#line 36 "sample/map_in_map.c"
	if (r0 != IMMEDIATE(0)) goto label_1;
	// EBPF_OP_JA pc=15 dst=r0 src=r0 offset=1 imm=0
#line 36 "sample/map_in_map.c"
	goto label_2;
label_1:
	// EBPF_OP_LDXW pc=16 dst=r6 src=r0 offset=0 imm=0
#line 37 "sample/map_in_map.c"
	r6 = *(uint32_t *)(uintptr_t)(r0 + OFFSET(0));
label_2:
	// EBPF_OP_MOV64_REG pc=17 dst=r0 src=r6 offset=0 imm=0
#line 41 "sample/map_in_map.c"
	r0 = r6;
	// EBPF_OP_EXIT pc=18 dst=r0 src=r0 offset=0 imm=0
#line 41 "sample/map_in_map.c"
	return r0;
#line 41 "sample/map_in_map.c"
}
#line __LINE__ __FILE__

static program_entry_t _programs[] = {
	{ lookup, "xdp_prog", "lookup", lookup_maps, 1, lookup_helpers, 1, 19, &lookup_program_type_guid, &lookup_attach_type_guid, },
};

static void _get_programs(_Outptr_result_buffer_(*count) program_entry_t** programs, _Out_ size_t* count)
{
	*programs = _programs;
	*count = 1;
}


metadata_table_t map_in_map_metadata_table = { _get_programs, _get_maps };
