// Copyright (c) Microsoft Corporation
// SPDX-License-Identifier: MIT

// Do not alter this generated file.
// This file was generated from tail_call_map.o

#include <guiddef.h>
#include <wdm.h>
#include <wsk.h>

#define NO_CRT
#include "bpf2c.h"

DRIVER_INITIALIZE DriverEntry;
DRIVER_UNLOAD DriverUnload;
RTL_QUERY_REGISTRY_ROUTINE static _bpf2c_query_registry_routine;

#define metadata_table tail_call_map##_metadata_table

static GUID _bpf2c_npi_id = {/* c847aac8-a6f2-4b53-aea3-f4a94b9a80cb */
                             0xc847aac8,
                             0xa6f2,
                             0x4b53,
                             {0xae, 0xa3, 0xf4, 0xa9, 0x4b, 0x9a, 0x80, 0xcb}};
static NPI_MODULEID _bpf2c_module_id = {sizeof(_bpf2c_module_id), MIT_GUID, {0}};
static HANDLE _bpf2c_nmr_client_handle;
static HANDLE _bpf2c_nmr_provider_handle;
extern metadata_table_t metadata_table;

static NTSTATUS
_bpf2c_npi_client_attach_provider(
    _In_ HANDLE nmr_binding_handle,
    _In_ void* client_context,
    _In_ const NPI_REGISTRATION_INSTANCE* provider_registration_instance);

static NTSTATUS
_bpf2c_npi_client_detach_provider(_In_ void* client_binding_context);

static const NPI_CLIENT_CHARACTERISTICS _bpf2c_npi_client_characteristics = {
    0,                                  // Version
    sizeof(NPI_CLIENT_CHARACTERISTICS), // Length
    _bpf2c_npi_client_attach_provider,
    _bpf2c_npi_client_detach_provider,
    NULL,
    {0,                                 // Version
     sizeof(NPI_REGISTRATION_INSTANCE), // Length
     &_bpf2c_npi_id,
     &_bpf2c_module_id,
     0,
     &metadata_table}};

static NTSTATUS
_bpf2c_query_npi_module_id(
    _In_ const wchar_t* value_name,
    unsigned long value_type,
    _In_ const void* value_data,
    unsigned long value_length,
    _Inout_ void* context,
    _Inout_ void* entry_context)
{
    UNREFERENCED_PARAMETER(value_name);
    UNREFERENCED_PARAMETER(context);
    UNREFERENCED_PARAMETER(entry_context);

    if (value_type != REG_BINARY) {
        return STATUS_INVALID_PARAMETER;
    }
    if (value_length != sizeof(_bpf2c_module_id.Guid)) {
        return STATUS_INVALID_PARAMETER;
    }

    memcpy(&_bpf2c_module_id.Guid, value_data, value_length);
    return STATUS_SUCCESS;
}

NTSTATUS
DriverEntry(_In_ DRIVER_OBJECT* driver_object, _In_ UNICODE_STRING* registry_path)
{
    NTSTATUS status;
    RTL_QUERY_REGISTRY_TABLE query_table[] = {
        {
            NULL,                      // Query routine
            RTL_QUERY_REGISTRY_SUBKEY, // Flags
            L"Parameters",             // Name
            NULL,                      // Entry contet
            REG_NONE,                  // Default type
            NULL,                      // Default data
            0,                         // Default length
        },
        {
            _bpf2c_query_npi_module_id,  // Query routine
            RTL_QUERY_REGISTRY_REQUIRED, // Flags
            L"NpiModuleId",              // Name
            NULL,                        // Entry contet
            REG_NONE,                    // Default type
            NULL,                        // Default data
            0,                           // Default length
        },
        {0}};

    status = RtlQueryRegistryValues(RTL_REGISTRY_ABSOLUTE, registry_path->Buffer, query_table, NULL, NULL);
    if (!NT_SUCCESS(status)) {
        goto Exit;
    }

    status = NmrRegisterClient(&_bpf2c_npi_client_characteristics, NULL, &_bpf2c_nmr_client_handle);

Exit:
    if (NT_SUCCESS(status)) {
        driver_object->DriverUnload = DriverUnload;
    }

    return status;
}

void
DriverUnload(_In_ DRIVER_OBJECT* driver_object)
{
    NTSTATUS status = NmrDeregisterClient(_bpf2c_nmr_client_handle);
    if (status == STATUS_PENDING) {
        NmrWaitForClientDeregisterComplete(_bpf2c_nmr_client_handle);
    }
    UNREFERENCED_PARAMETER(driver_object);
}

static NTSTATUS
_bpf2c_npi_client_attach_provider(
    _In_ HANDLE nmr_binding_handle,
    _In_ void* client_context,
    _In_ const NPI_REGISTRATION_INSTANCE* provider_registration_instance)
{
    NTSTATUS status = STATUS_SUCCESS;
    void* provider_binding_context = NULL;
    void* provider_dispatch_table = NULL;

    UNREFERENCED_PARAMETER(client_context);
    UNREFERENCED_PARAMETER(provider_registration_instance);

    if (_bpf2c_nmr_provider_handle != NULL) {
        return STATUS_INVALID_PARAMETER;
    }

#pragma warning(push)
#pragma warning( \
    disable : 6387) // Param 3 does not adhere to the specification for the function 'NmrClientAttachProvider'
    // As per MSDN, client dispatch can be NULL, but SAL does not allow it.
    // https://docs.microsoft.com/en-us/windows-hardware/drivers/ddi/netioddk/nf-netioddk-nmrclientattachprovider
    status = NmrClientAttachProvider(
        nmr_binding_handle, client_context, NULL, &provider_binding_context, &provider_dispatch_table);
    if (status != STATUS_SUCCESS) {
        goto Done;
    }
#pragma warning(pop)
    _bpf2c_nmr_provider_handle = nmr_binding_handle;

Done:
    return status;
}

static NTSTATUS
_bpf2c_npi_client_detach_provider(_In_ void* client_binding_context)
{
    _bpf2c_nmr_provider_handle = NULL;
    UNREFERENCED_PARAMETER(client_binding_context);
    return STATUS_SUCCESS;
}

void
division_by_zero(uint32_t address)
{
    UNREFERENCED_PARAMETER(address);
}

#include "bpf2c.h"

static map_entry_t _maps[] = {
{ NULL, { 7, 4, 4, 1, 0, 0, 0, 0,  }, "outer_map" },
};

static void _get_maps(_Outptr_result_buffer_maybenull_(*count) map_entry_t** maps, _Out_ size_t* count)
{
	*maps = _maps;
	*count = 1;
}

static helper_function_entry_t caller_helpers[] = {
{ NULL, 1, "helper_id_1"},
{ NULL, 5, "helper_id_5"},
};

static GUID caller_program_type_guid = {0xf1832a85, 0x85d5, 0x45b0, {0x98, 0xa0, 0x70, 0x69, 0xd6, 0x30, 0x13, 0xb0}};
static GUID caller_attach_type_guid = {0x85e0d8ef, 0x579e, 0x4931, {0xb0, 0x72, 0x8e, 0xe2, 0x26, 0xbb, 0x2e, 0x9d}};
static uint16_t caller_maps[] = {
0,
};

static uint64_t caller(void* context)
{
#line 20 "sample/tail_call_map.c"
	// Prologue
#line 20 "sample/tail_call_map.c"
	uint64_t stack[(UBPF_STACK_SIZE + 7) / 8];
#line 20 "sample/tail_call_map.c"
	register uint64_t r0 = 0;
#line 20 "sample/tail_call_map.c"
	register uint64_t r1 = 0;
#line 20 "sample/tail_call_map.c"
	register uint64_t r2 = 0;
#line 20 "sample/tail_call_map.c"
	register uint64_t r3 = 0;
#line 20 "sample/tail_call_map.c"
	register uint64_t r4 = 0;
#line 20 "sample/tail_call_map.c"
	register uint64_t r5 = 0;
#line 20 "sample/tail_call_map.c"
	register uint64_t r6 = 0;
#line 20 "sample/tail_call_map.c"
	register uint64_t r10 = 0;

#line 20 "sample/tail_call_map.c"
	r1 = (uintptr_t)context;
#line 20 "sample/tail_call_map.c"
	r10 = (uintptr_t)((uint8_t*)stack + sizeof(stack));

	// EBPF_OP_MOV64_REG pc=0 dst=r6 src=r1 offset=0 imm=0
#line 20 "sample/tail_call_map.c"
	r6 = r1;
	// EBPF_OP_MOV64_IMM pc=1 dst=r1 src=r0 offset=0 imm=0
#line 20 "sample/tail_call_map.c"
	r1 = IMMEDIATE(0);
	// EBPF_OP_STXW pc=2 dst=r10 src=r1 offset=-4 imm=0
#line 22 "sample/tail_call_map.c"
	*(uint32_t *)(uintptr_t)(r10 + OFFSET(-4)) = (uint32_t)r1;
	// EBPF_OP_MOV64_REG pc=3 dst=r2 src=r10 offset=0 imm=0
#line 22 "sample/tail_call_map.c"
	r2 = r10;
	// EBPF_OP_ADD64_IMM pc=4 dst=r2 src=r0 offset=0 imm=-4
#line 22 "sample/tail_call_map.c"
	r2 += IMMEDIATE(-4);
	// EBPF_OP_LDDW pc=5 dst=r1 src=r0 offset=0 imm=0
#line 23 "sample/tail_call_map.c"
	r1 = POINTER(_maps[0].address);
	// EBPF_OP_CALL pc=7 dst=r0 src=r0 offset=0 imm=1
#line 23 "sample/tail_call_map.c"
	r0 = caller_helpers[0].address
#line 23 "sample/tail_call_map.c"
	(r1, r2, r3, r4, r5);
#line 23 "sample/tail_call_map.c"
	if ((caller_helpers[0].tail_call) && (r0 == 0)) return 0;
	// EBPF_OP_MOV64_REG pc=8 dst=r1 src=r6 offset=0 imm=0
#line 25 "sample/tail_call_map.c"
	r1 = r6;
	// EBPF_OP_MOV64_REG pc=9 dst=r2 src=r0 offset=0 imm=0
#line 25 "sample/tail_call_map.c"
	r2 = r0;
	// EBPF_OP_MOV64_IMM pc=10 dst=r3 src=r0 offset=0 imm=0
#line 25 "sample/tail_call_map.c"
	r3 = IMMEDIATE(0);
	// EBPF_OP_CALL pc=11 dst=r0 src=r0 offset=0 imm=5
#line 25 "sample/tail_call_map.c"
	r0 = caller_helpers[1].address
#line 25 "sample/tail_call_map.c"
	(r1, r2, r3, r4, r5);
#line 25 "sample/tail_call_map.c"
	if ((caller_helpers[1].tail_call) && (r0 == 0)) return 0;
	// EBPF_OP_MOV64_IMM pc=12 dst=r0 src=r0 offset=0 imm=6
#line 28 "sample/tail_call_map.c"
	r0 = IMMEDIATE(6);
	// EBPF_OP_EXIT pc=13 dst=r0 src=r0 offset=0 imm=0
#line 28 "sample/tail_call_map.c"
	return r0;
#line 28 "sample/tail_call_map.c"
}
#line __LINE__ __FILE__

static GUID callee_program_type_guid = {0xf1832a85, 0x85d5, 0x45b0, {0x98, 0xa0, 0x70, 0x69, 0xd6, 0x30, 0x13, 0xb0}};
static GUID callee_attach_type_guid = {0x85e0d8ef, 0x579e, 0x4931, {0xb0, 0x72, 0x8e, 0xe2, 0x26, 0xbb, 0x2e, 0x9d}};
static uint64_t callee(void* context)
{
#line 31 "sample/tail_call_map.c"
	// Prologue
#line 31 "sample/tail_call_map.c"
	uint64_t stack[(UBPF_STACK_SIZE + 7) / 8];
#line 31 "sample/tail_call_map.c"
	register uint64_t r0 = 0;
#line 31 "sample/tail_call_map.c"
	register uint64_t r1 = 0;
#line 31 "sample/tail_call_map.c"
	register uint64_t r2 = 0;
#line 31 "sample/tail_call_map.c"
	register uint64_t r3 = 0;
#line 31 "sample/tail_call_map.c"
	register uint64_t r6 = 0;
#line 31 "sample/tail_call_map.c"
	register uint64_t r10 = 0;

#line 31 "sample/tail_call_map.c"
	r1 = (uintptr_t)context;
#line 31 "sample/tail_call_map.c"
	r10 = (uintptr_t)((uint8_t*)stack + sizeof(stack));

	// EBPF_OP_MOV64_IMM pc=0 dst=r0 src=r0 offset=0 imm=42
#line 31 "sample/tail_call_map.c"
	r0 = IMMEDIATE(42);
	// EBPF_OP_EXIT pc=1 dst=r0 src=r0 offset=0 imm=0
#line 31 "sample/tail_call_map.c"
	return r0;
#line 31 "sample/tail_call_map.c"
}
#line __LINE__ __FILE__

static program_entry_t _programs[] = {
	{ caller, "xdp_prog", "caller", caller_maps, 1, caller_helpers, 2, 14, &caller_program_type_guid, &caller_attach_type_guid, },
	{ callee, "xdp_prog/0", "callee", NULL, 0, NULL, 0, 2, &callee_program_type_guid, &callee_attach_type_guid, },
};

static void _get_programs(_Outptr_result_buffer_(*count) program_entry_t** programs, _Out_ size_t* count)
{
	*programs = _programs;
	*count = 2;
}


metadata_table_t tail_call_map_metadata_table = { _get_programs, _get_maps };
