// Copyright (c) Microsoft Corporation
// SPDX-License-Identifier: MIT

// Do not alter this generated file.
// This file was generated from tail_call.o

#include "bpf2c.h"

static map_entry_t _maps[] = {
{ NULL, { 3, 4, 4, 10, 0, 0, 0, 0,  }, "map" },
{ NULL, { 2, 4, 4, 1, 0, 0, 0, 0,  }, "canary" },
};

static void _get_maps(_Outptr_result_buffer_(*count) map_entry_t** maps, _Out_ size_t* count)
{
	*maps = _maps;
	*count = 2;
}

static helper_function_entry_t caller_helpers[] = {
{ NULL, 5, "helper_id_5"},
{ NULL, 1, "helper_id_1"},
};

static GUID caller_program_type_guid = {0xf1832a85, 0x85d5, 0x45b0, {0x98, 0xa0, 0x70, 0x69, 0xd6, 0x30, 0x13, 0xb0}};
static GUID caller_attach_type_guid = {0x85e0d8ef, 0x579e, 0x4931, {0xb0, 0x72, 0x8e, 0xe2, 0x26, 0xbb, 0x2e, 0x9d}};
static uint16_t caller_maps[] = {
0,
1,
};

static uint64_t caller(void* context)
{
#line 11 "E:\\ebpf-for-windows\\tests\\sample/tail_call.c"
	// Prologue
#line 11 "E:\\ebpf-for-windows\\tests\\sample/tail_call.c"
	uint64_t stack[(UBPF_STACK_SIZE + 7) / 8];
#line 11 "E:\\ebpf-for-windows\\tests\\sample/tail_call.c"
	register uint64_t r0 = 0;
#line 11 "E:\\ebpf-for-windows\\tests\\sample/tail_call.c"
	register uint64_t r1 = 0;
#line 11 "E:\\ebpf-for-windows\\tests\\sample/tail_call.c"
	register uint64_t r2 = 0;
#line 11 "E:\\ebpf-for-windows\\tests\\sample/tail_call.c"
	register uint64_t r3 = 0;
#line 11 "E:\\ebpf-for-windows\\tests\\sample/tail_call.c"
	register uint64_t r4 = 0;
#line 11 "E:\\ebpf-for-windows\\tests\\sample/tail_call.c"
	register uint64_t r5 = 0;
#line 11 "E:\\ebpf-for-windows\\tests\\sample/tail_call.c"
	register uint64_t r10 = 0;

#line 11 "E:\\ebpf-for-windows\\tests\\sample/tail_call.c"
	r1 = (uintptr_t)context;
#line 11 "E:\\ebpf-for-windows\\tests\\sample/tail_call.c"
	r10 = (uintptr_t)((uint8_t*)stack + sizeof(stack));

	// EBPF_OP_MOV64_IMM pc=0 dst=r2 src=r0 offset=0 imm=0
#line 11 "E:\\ebpf-for-windows\\tests\\sample/tail_call.c"
	r2 = IMMEDIATE(0);
	// EBPF_OP_STXW pc=1 dst=r10 src=r2 offset=-4 imm=0
#line 13 "E:\\ebpf-for-windows\\tests\\sample/tail_call.c"
	*(uint32_t *)(uintptr_t)(r10 + OFFSET(-4)) = (uint32_t)r2;
	// EBPF_OP_LDDW pc=2 dst=r2 src=r0 offset=0 imm=0
#line 16 "E:\\ebpf-for-windows\\tests\\sample/tail_call.c"
	r2 = POINTER(_maps[0].address);
	// EBPF_OP_MOV64_IMM pc=4 dst=r3 src=r0 offset=0 imm=9
#line 16 "E:\\ebpf-for-windows\\tests\\sample/tail_call.c"
	r3 = IMMEDIATE(9);
	// EBPF_OP_CALL pc=5 dst=r0 src=r0 offset=0 imm=5
#line 16 "E:\\ebpf-for-windows\\tests\\sample/tail_call.c"
	r0 = caller_helpers[0].address
#line 16 "E:\\ebpf-for-windows\\tests\\sample/tail_call.c"
	(r1, r2, r3, r4, r5);
#line 16 "E:\\ebpf-for-windows\\tests\\sample/tail_call.c"
	if ((caller_helpers[0].tail_call) && (r0 == 0)) return 0;
	// EBPF_OP_MOV64_REG pc=6 dst=r2 src=r10 offset=0 imm=0
#line 16 "E:\\ebpf-for-windows\\tests\\sample/tail_call.c"
	r2 = r10;
	// EBPF_OP_ADD64_IMM pc=7 dst=r2 src=r0 offset=0 imm=-4
#line 16 "E:\\ebpf-for-windows\\tests\\sample/tail_call.c"
	r2 += IMMEDIATE(-4);
	// EBPF_OP_LDDW pc=8 dst=r1 src=r0 offset=0 imm=0
#line 19 "E:\\ebpf-for-windows\\tests\\sample/tail_call.c"
	r1 = POINTER(_maps[1].address);
	// EBPF_OP_CALL pc=10 dst=r0 src=r0 offset=0 imm=1
#line 19 "E:\\ebpf-for-windows\\tests\\sample/tail_call.c"
	r0 = caller_helpers[1].address
#line 19 "E:\\ebpf-for-windows\\tests\\sample/tail_call.c"
	(r1, r2, r3, r4, r5);
#line 19 "E:\\ebpf-for-windows\\tests\\sample/tail_call.c"
	if ((caller_helpers[1].tail_call) && (r0 == 0)) return 0;
	// EBPF_OP_JEQ_IMM pc=11 dst=r0 src=r0 offset=2 imm=0
#line 20 "E:\\ebpf-for-windows\\tests\\sample/tail_call.c"
	if (r0 == IMMEDIATE(0)) goto label_1;
	// EBPF_OP_MOV64_IMM pc=12 dst=r1 src=r0 offset=0 imm=1
#line 20 "E:\\ebpf-for-windows\\tests\\sample/tail_call.c"
	r1 = IMMEDIATE(1);
	// EBPF_OP_STXW pc=13 dst=r0 src=r1 offset=0 imm=0
#line 21 "E:\\ebpf-for-windows\\tests\\sample/tail_call.c"
	*(uint32_t *)(uintptr_t)(r0 + OFFSET(0)) = (uint32_t)r1;
label_1:
	// EBPF_OP_MOV64_IMM pc=14 dst=r0 src=r0 offset=0 imm=6
#line 24 "E:\\ebpf-for-windows\\tests\\sample/tail_call.c"
	r0 = IMMEDIATE(6);
	// EBPF_OP_EXIT pc=15 dst=r0 src=r0 offset=0 imm=0
#line 24 "E:\\ebpf-for-windows\\tests\\sample/tail_call.c"
	return r0;
#line 24 "E:\\ebpf-for-windows\\tests\\sample/tail_call.c"
}
#line __LINE__ __FILE__

static GUID callee_program_type_guid = {0xf1832a85, 0x85d5, 0x45b0, {0x98, 0xa0, 0x70, 0x69, 0xd6, 0x30, 0x13, 0xb0}};
static GUID callee_attach_type_guid = {0x85e0d8ef, 0x579e, 0x4931, {0xb0, 0x72, 0x8e, 0xe2, 0x26, 0xbb, 0x2e, 0x9d}};
static uint64_t callee(void* context)
{
#line 27 "E:\\ebpf-for-windows\\tests\\sample/tail_call.c"
	// Prologue
#line 27 "E:\\ebpf-for-windows\\tests\\sample/tail_call.c"
	uint64_t stack[(UBPF_STACK_SIZE + 7) / 8];
#line 27 "E:\\ebpf-for-windows\\tests\\sample/tail_call.c"
	register uint64_t r0 = 0;
#line 27 "E:\\ebpf-for-windows\\tests\\sample/tail_call.c"
	register uint64_t r1 = 0;
#line 27 "E:\\ebpf-for-windows\\tests\\sample/tail_call.c"
	register uint64_t r2 = 0;
#line 27 "E:\\ebpf-for-windows\\tests\\sample/tail_call.c"
	register uint64_t r3 = 0;
#line 27 "E:\\ebpf-for-windows\\tests\\sample/tail_call.c"
	register uint64_t r10 = 0;

#line 27 "E:\\ebpf-for-windows\\tests\\sample/tail_call.c"
	r1 = (uintptr_t)context;
#line 27 "E:\\ebpf-for-windows\\tests\\sample/tail_call.c"
	r10 = (uintptr_t)((uint8_t*)stack + sizeof(stack));

	// EBPF_OP_MOV64_IMM pc=0 dst=r0 src=r0 offset=0 imm=42
#line 27 "E:\\ebpf-for-windows\\tests\\sample/tail_call.c"
	r0 = IMMEDIATE(42);
	// EBPF_OP_EXIT pc=1 dst=r0 src=r0 offset=0 imm=0
#line 27 "E:\\ebpf-for-windows\\tests\\sample/tail_call.c"
	return r0;
#line 27 "E:\\ebpf-for-windows\\tests\\sample/tail_call.c"
}
#line __LINE__ __FILE__

static program_entry_t _programs[] = {
	{ caller, "xdp_prog", "caller", caller_maps, 2, caller_helpers, 2, 16, &caller_program_type_guid, &caller_attach_type_guid, },
	{ callee, "xdp_prog/0", "callee", NULL, 0, NULL, 0, 2, &callee_program_type_guid, &callee_attach_type_guid, },
};

static void _get_programs(_Outptr_result_buffer_(*count) program_entry_t** programs, _Out_ size_t* count)
{
	*programs = _programs;
	*count = 2;
}


metadata_table_t tail_call_metadata_table = { _get_programs, _get_maps };
