// Copyright (c) Microsoft Corporation
// SPDX-License-Identifier: MIT

// Do not alter this generated file.
// This file was generated from test_utility_helpers.o

#define WIN32_LEAN_AND_MEAN // Exclude rarely-used stuff from Windows headers
// Windows Header Files
#include <windows.h>

#include <stdio.h>

#include "bpf2c.h"

#define metadata_table test_utility_helpers##_metadata_table
extern metadata_table_t metadata_table;

BOOL APIENTRY
DllMain(_In_ HMODULE hModule, unsigned int ul_reason_for_call, _In_ void* lpReserved)
{
    UNREFERENCED_PARAMETER(hModule);
    UNREFERENCED_PARAMETER(lpReserved);
    switch (ul_reason_for_call) {
    case DLL_PROCESS_ATTACH:
    case DLL_THREAD_ATTACH:
    case DLL_THREAD_DETACH:
    case DLL_PROCESS_DETACH:
        break;
    }
    return TRUE;
}

void
division_by_zero(uint32_t address)
{
    fprintf(stderr, "Divide by zero at address %d\n", address);
}

#define FIND_METADATA_ENTRTY(NAME, X) \
    if (std::string(NAME) == #X)      \
        return &X;

metadata_table_t*
get_metadata_table()
{
    return &metadata_table;
}

#include "bpf2c.h"

static map_entry_t _maps[] = {
{ NULL, { 2, 4, 32, 2, 0, 0, 0, 0,  }, "utility_map" },
};

static void _get_maps(_Outptr_result_buffer_(*count) map_entry_t** maps, _Out_ size_t* count)
{
	*maps = _maps;
	*count = 1;
}

static helper_function_entry_t test_utility_helpers_helpers[] = {
{ NULL, 6, "helper_id_6"},
{ NULL, 7, "helper_id_7"},
{ NULL, 8, "helper_id_8"},
{ NULL, 2, "helper_id_2"},
};

static GUID test_utility_helpers_program_type_guid = {0xf1832a85, 0x85d5, 0x45b0, {0x98, 0xa0, 0x70, 0x69, 0xd6, 0x30, 0x13, 0xb0}};
static GUID test_utility_helpers_attach_type_guid = {0x85e0d8ef, 0x579e, 0x4931, {0xb0, 0x72, 0x8e, 0xe2, 0x26, 0xbb, 0x2e, 0x9d}};
static uint16_t test_utility_helpers_maps[] = {
0,
};

static uint64_t test_utility_helpers(void* context)
{
#line 21 "E:\\ebpf-for-windows\\tests\\sample/test_utility_helpers.c"
	// Prologue
#line 21 "E:\\ebpf-for-windows\\tests\\sample/test_utility_helpers.c"
	uint64_t stack[(UBPF_STACK_SIZE + 7) / 8];
#line 21 "E:\\ebpf-for-windows\\tests\\sample/test_utility_helpers.c"
	register uint64_t r0 = 0;
#line 21 "E:\\ebpf-for-windows\\tests\\sample/test_utility_helpers.c"
	register uint64_t r1 = 0;
#line 21 "E:\\ebpf-for-windows\\tests\\sample/test_utility_helpers.c"
	register uint64_t r2 = 0;
#line 21 "E:\\ebpf-for-windows\\tests\\sample/test_utility_helpers.c"
	register uint64_t r3 = 0;
#line 21 "E:\\ebpf-for-windows\\tests\\sample/test_utility_helpers.c"
	register uint64_t r4 = 0;
#line 21 "E:\\ebpf-for-windows\\tests\\sample/test_utility_helpers.c"
	register uint64_t r5 = 0;
#line 21 "E:\\ebpf-for-windows\\tests\\sample/test_utility_helpers.c"
	register uint64_t r6 = 0;
#line 21 "E:\\ebpf-for-windows\\tests\\sample/test_utility_helpers.c"
	register uint64_t r10 = 0;

#line 21 "E:\\ebpf-for-windows\\tests\\sample/test_utility_helpers.c"
	r1 = (uintptr_t)context;
#line 21 "E:\\ebpf-for-windows\\tests\\sample/test_utility_helpers.c"
	r10 = (uintptr_t)((uint8_t*)stack + sizeof(stack));

	// EBPF_OP_LDDW pc=0 dst=r1 src=r0 offset=0 imm=0
#line 21 "E:\\ebpf-for-windows\\tests\\sample/test_utility_helpers.c"
	r1 = (uint64_t)4294967296;
	// EBPF_OP_STXDW pc=2 dst=r10 src=r1 offset=-8 imm=0
#line 12 "E:\\ebpf-for-windows\\tests\\sample/./sample_common_routines.h"
	*(uint64_t *)(uintptr_t)(r10 + OFFSET(-8)) = (uint64_t)r1;
	// EBPF_OP_MOV64_IMM pc=3 dst=r1 src=r0 offset=0 imm=0
#line 12 "E:\\ebpf-for-windows\\tests\\sample/./sample_common_routines.h"
	r1 = IMMEDIATE(0);
	// EBPF_OP_STXDW pc=4 dst=r10 src=r1 offset=-16 imm=0
#line 13 "E:\\ebpf-for-windows\\tests\\sample/./sample_common_routines.h"
	*(uint64_t *)(uintptr_t)(r10 + OFFSET(-16)) = (uint64_t)r1;
	// EBPF_OP_STXDW pc=5 dst=r10 src=r1 offset=-24 imm=0
#line 13 "E:\\ebpf-for-windows\\tests\\sample/./sample_common_routines.h"
	*(uint64_t *)(uintptr_t)(r10 + OFFSET(-24)) = (uint64_t)r1;
	// EBPF_OP_STXDW pc=6 dst=r10 src=r1 offset=-32 imm=0
#line 13 "E:\\ebpf-for-windows\\tests\\sample/./sample_common_routines.h"
	*(uint64_t *)(uintptr_t)(r10 + OFFSET(-32)) = (uint64_t)r1;
	// EBPF_OP_STXDW pc=7 dst=r10 src=r1 offset=-40 imm=0
#line 13 "E:\\ebpf-for-windows\\tests\\sample/./sample_common_routines.h"
	*(uint64_t *)(uintptr_t)(r10 + OFFSET(-40)) = (uint64_t)r1;
	// EBPF_OP_CALL pc=8 dst=r0 src=r0 offset=0 imm=6
#line 16 "E:\\ebpf-for-windows\\tests\\sample/./sample_common_routines.h"
	r0 = test_utility_helpers_helpers[0].address
#line 16 "E:\\ebpf-for-windows\\tests\\sample/./sample_common_routines.h"
	(r1, r2, r3, r4, r5);
#line 16 "E:\\ebpf-for-windows\\tests\\sample/./sample_common_routines.h"
	if ((test_utility_helpers_helpers[0].tail_call) && (r0 == 0)) return 0;
	// EBPF_OP_STXW pc=9 dst=r10 src=r0 offset=-40 imm=0
#line 16 "E:\\ebpf-for-windows\\tests\\sample/./sample_common_routines.h"
	*(uint32_t *)(uintptr_t)(r10 + OFFSET(-40)) = (uint32_t)r0;
	// EBPF_OP_CALL pc=10 dst=r0 src=r0 offset=0 imm=7
#line 24 "E:\\ebpf-for-windows\\tests\\sample/./sample_common_routines.h"
	r0 = test_utility_helpers_helpers[1].address
#line 24 "E:\\ebpf-for-windows\\tests\\sample/./sample_common_routines.h"
	(r1, r2, r3, r4, r5);
#line 24 "E:\\ebpf-for-windows\\tests\\sample/./sample_common_routines.h"
	if ((test_utility_helpers_helpers[1].tail_call) && (r0 == 0)) return 0;
	// EBPF_OP_STXDW pc=11 dst=r10 src=r0 offset=-24 imm=0
#line 24 "E:\\ebpf-for-windows\\tests\\sample/./sample_common_routines.h"
	*(uint64_t *)(uintptr_t)(r10 + OFFSET(-24)) = (uint64_t)r0;
	// EBPF_OP_CALL pc=12 dst=r0 src=r0 offset=0 imm=7
#line 27 "E:\\ebpf-for-windows\\tests\\sample/./sample_common_routines.h"
	r0 = test_utility_helpers_helpers[1].address
#line 27 "E:\\ebpf-for-windows\\tests\\sample/./sample_common_routines.h"
	(r1, r2, r3, r4, r5);
#line 27 "E:\\ebpf-for-windows\\tests\\sample/./sample_common_routines.h"
	if ((test_utility_helpers_helpers[1].tail_call) && (r0 == 0)) return 0;
	// EBPF_OP_STXDW pc=13 dst=r10 src=r0 offset=-32 imm=0
#line 27 "E:\\ebpf-for-windows\\tests\\sample/./sample_common_routines.h"
	*(uint64_t *)(uintptr_t)(r10 + OFFSET(-32)) = (uint64_t)r0;
	// EBPF_OP_CALL pc=14 dst=r0 src=r0 offset=0 imm=8
#line 30 "E:\\ebpf-for-windows\\tests\\sample/./sample_common_routines.h"
	r0 = test_utility_helpers_helpers[2].address
#line 30 "E:\\ebpf-for-windows\\tests\\sample/./sample_common_routines.h"
	(r1, r2, r3, r4, r5);
#line 30 "E:\\ebpf-for-windows\\tests\\sample/./sample_common_routines.h"
	if ((test_utility_helpers_helpers[2].tail_call) && (r0 == 0)) return 0;
	// EBPF_OP_STXW pc=15 dst=r10 src=r0 offset=-16 imm=0
#line 30 "E:\\ebpf-for-windows\\tests\\sample/./sample_common_routines.h"
	*(uint32_t *)(uintptr_t)(r10 + OFFSET(-16)) = (uint32_t)r0;
	// EBPF_OP_MOV64_REG pc=16 dst=r2 src=r10 offset=0 imm=0
#line 30 "E:\\ebpf-for-windows\\tests\\sample/./sample_common_routines.h"
	r2 = r10;
	// EBPF_OP_ADD64_IMM pc=17 dst=r2 src=r0 offset=0 imm=-8
#line 30 "E:\\ebpf-for-windows\\tests\\sample/./sample_common_routines.h"
	r2 += IMMEDIATE(-8);
	// EBPF_OP_MOV64_REG pc=18 dst=r6 src=r10 offset=0 imm=0
#line 30 "E:\\ebpf-for-windows\\tests\\sample/./sample_common_routines.h"
	r6 = r10;
	// EBPF_OP_ADD64_IMM pc=19 dst=r6 src=r0 offset=0 imm=-40
#line 30 "E:\\ebpf-for-windows\\tests\\sample/./sample_common_routines.h"
	r6 += IMMEDIATE(-40);
	// EBPF_OP_LDDW pc=20 dst=r1 src=r0 offset=0 imm=0
#line 33 "E:\\ebpf-for-windows\\tests\\sample/./sample_common_routines.h"
	r1 = POINTER(_maps[0].address);
	// EBPF_OP_MOV64_REG pc=22 dst=r3 src=r6 offset=0 imm=0
#line 33 "E:\\ebpf-for-windows\\tests\\sample/./sample_common_routines.h"
	r3 = r6;
	// EBPF_OP_MOV64_IMM pc=23 dst=r4 src=r0 offset=0 imm=0
#line 33 "E:\\ebpf-for-windows\\tests\\sample/./sample_common_routines.h"
	r4 = IMMEDIATE(0);
	// EBPF_OP_CALL pc=24 dst=r0 src=r0 offset=0 imm=2
#line 33 "E:\\ebpf-for-windows\\tests\\sample/./sample_common_routines.h"
	r0 = test_utility_helpers_helpers[3].address
#line 33 "E:\\ebpf-for-windows\\tests\\sample/./sample_common_routines.h"
	(r1, r2, r3, r4, r5);
#line 33 "E:\\ebpf-for-windows\\tests\\sample/./sample_common_routines.h"
	if ((test_utility_helpers_helpers[3].tail_call) && (r0 == 0)) return 0;
	// EBPF_OP_CALL pc=25 dst=r0 src=r0 offset=0 imm=6
#line 36 "E:\\ebpf-for-windows\\tests\\sample/./sample_common_routines.h"
	r0 = test_utility_helpers_helpers[0].address
#line 36 "E:\\ebpf-for-windows\\tests\\sample/./sample_common_routines.h"
	(r1, r2, r3, r4, r5);
#line 36 "E:\\ebpf-for-windows\\tests\\sample/./sample_common_routines.h"
	if ((test_utility_helpers_helpers[0].tail_call) && (r0 == 0)) return 0;
	// EBPF_OP_STXW pc=26 dst=r10 src=r0 offset=-40 imm=0
#line 36 "E:\\ebpf-for-windows\\tests\\sample/./sample_common_routines.h"
	*(uint32_t *)(uintptr_t)(r10 + OFFSET(-40)) = (uint32_t)r0;
	// EBPF_OP_CALL pc=27 dst=r0 src=r0 offset=0 imm=7
#line 39 "E:\\ebpf-for-windows\\tests\\sample/./sample_common_routines.h"
	r0 = test_utility_helpers_helpers[1].address
#line 39 "E:\\ebpf-for-windows\\tests\\sample/./sample_common_routines.h"
	(r1, r2, r3, r4, r5);
#line 39 "E:\\ebpf-for-windows\\tests\\sample/./sample_common_routines.h"
	if ((test_utility_helpers_helpers[1].tail_call) && (r0 == 0)) return 0;
	// EBPF_OP_STXDW pc=28 dst=r10 src=r0 offset=-32 imm=0
#line 39 "E:\\ebpf-for-windows\\tests\\sample/./sample_common_routines.h"
	*(uint64_t *)(uintptr_t)(r10 + OFFSET(-32)) = (uint64_t)r0;
	// EBPF_OP_CALL pc=29 dst=r0 src=r0 offset=0 imm=7
#line 42 "E:\\ebpf-for-windows\\tests\\sample/./sample_common_routines.h"
	r0 = test_utility_helpers_helpers[1].address
#line 42 "E:\\ebpf-for-windows\\tests\\sample/./sample_common_routines.h"
	(r1, r2, r3, r4, r5);
#line 42 "E:\\ebpf-for-windows\\tests\\sample/./sample_common_routines.h"
	if ((test_utility_helpers_helpers[1].tail_call) && (r0 == 0)) return 0;
	// EBPF_OP_STXDW pc=30 dst=r10 src=r0 offset=-24 imm=0
#line 42 "E:\\ebpf-for-windows\\tests\\sample/./sample_common_routines.h"
	*(uint64_t *)(uintptr_t)(r10 + OFFSET(-24)) = (uint64_t)r0;
	// EBPF_OP_MOV64_REG pc=31 dst=r2 src=r10 offset=0 imm=0
#line 45 "E:\\ebpf-for-windows\\tests\\sample/./sample_common_routines.h"
	r2 = r10;
	// EBPF_OP_ADD64_IMM pc=32 dst=r2 src=r0 offset=0 imm=-4
#line 45 "E:\\ebpf-for-windows\\tests\\sample/./sample_common_routines.h"
	r2 += IMMEDIATE(-4);
	// EBPF_OP_LDDW pc=33 dst=r1 src=r0 offset=0 imm=0
#line 45 "E:\\ebpf-for-windows\\tests\\sample/./sample_common_routines.h"
	r1 = POINTER(_maps[0].address);
	// EBPF_OP_MOV64_REG pc=35 dst=r3 src=r6 offset=0 imm=0
#line 45 "E:\\ebpf-for-windows\\tests\\sample/./sample_common_routines.h"
	r3 = r6;
	// EBPF_OP_MOV64_IMM pc=36 dst=r4 src=r0 offset=0 imm=0
#line 45 "E:\\ebpf-for-windows\\tests\\sample/./sample_common_routines.h"
	r4 = IMMEDIATE(0);
	// EBPF_OP_CALL pc=37 dst=r0 src=r0 offset=0 imm=2
#line 45 "E:\\ebpf-for-windows\\tests\\sample/./sample_common_routines.h"
	r0 = test_utility_helpers_helpers[3].address
#line 45 "E:\\ebpf-for-windows\\tests\\sample/./sample_common_routines.h"
	(r1, r2, r3, r4, r5);
#line 45 "E:\\ebpf-for-windows\\tests\\sample/./sample_common_routines.h"
	if ((test_utility_helpers_helpers[3].tail_call) && (r0 == 0)) return 0;
	// EBPF_OP_MOV64_IMM pc=38 dst=r0 src=r0 offset=0 imm=0
#line 23 "E:\\ebpf-for-windows\\tests\\sample/test_utility_helpers.c"
	r0 = IMMEDIATE(0);
	// EBPF_OP_EXIT pc=39 dst=r0 src=r0 offset=0 imm=0
#line 23 "E:\\ebpf-for-windows\\tests\\sample/test_utility_helpers.c"
	return r0;
#line 23 "E:\\ebpf-for-windows\\tests\\sample/test_utility_helpers.c"
}
#line __LINE__ __FILE__

static program_entry_t _programs[] = {
	{ test_utility_helpers, "xdp", "test_utility_helpers", test_utility_helpers_maps, 1, test_utility_helpers_helpers, 4, 40, &test_utility_helpers_program_type_guid, &test_utility_helpers_attach_type_guid, },
};

static void _get_programs(_Outptr_result_buffer_(*count) program_entry_t** programs, _Out_ size_t* count)
{
	*programs = _programs;
	*count = 1;
}


metadata_table_t test_utility_helpers_metadata_table = { _get_programs, _get_maps };
